'OddCycle.mem_allStates_iff' depends on axioms: [propext, Quot.sound]
'OddCycle.transition_valid' depends on axioms: [propext, Quot.sound]
'OddCycle.carry_edgeEquiv_erase' depends on axioms: [propext, Classical.choice, Quot.sound]
'OddCycle.balanced_exchange' depends on axioms: [propext, Classical.choice, Quot.sound]
'OddCycle.balanced_transition' depends on axioms: [propext, Classical.choice, Quot.sound]
'OddCycle.balanced_events_closed' depends on axioms: [propext, Classical.choice, Quot.sound]
'OddCycle.balanced_region_nonempty_closed' depends on axioms: [propext, Classical.choice, Quot.sound]
'OddCycle.balanced_height' depends on axioms: [propext, Classical.choice, Quot.sound]
'OddCycle.reachable_of_orientation_eq' depends on axioms: [propext, Classical.choice, Quot.sound]
'OddCycle.branch_head_transition' depends on axioms: [propext, Classical.choice, Quot.sound]
'OddCycle.balanced_communication' depends on axioms: [propext, Classical.choice, Quot.sound]
'OddCycle.balanced_reachable_closed' depends on axioms: [propext, Classical.choice, Quot.sound]
'OddCycle.balanced_positive_rate_communication' depends on axioms: [propext, Classical.choice, Quot.sound]
'OddCycle.FiveJob.mem_support_iff' depends on axioms: [propext, Classical.choice, Quot.sound]
'OddCycle.FiveJob.support_height' does not depend on any axioms
'OddCycle.FiveJob.support_closed' depends on axioms: [propext, Quot.sound]
'OddCycle.FiveJob.rate_positive' depends on axioms: [propext, Classical.choice, Quot.sound]
'OddCycle.FiveJob.head_communication' depends on axioms: [propext, Quot.sound]
'OddCycle.FiveJob.canonical_defect' depends on axioms: [propext, Classical.choice, Quot.sound]
'OddCycle.FiveJob.canonical_scaled_not_stationary' depends on axioms: [propext, Classical.choice, Quot.sound]
'OddCycle.FiveJob.certificate_stationary' depends on axioms: [propext, Classical.choice, Quot.sound]
'OddCycle.FiveJob.probability_positive' depends on axioms: [propext, Classical.choice, Quot.sound]
'OddCycle.FiveJob.probability_sum' depends on axioms: [propext, Classical.choice, Quot.sound]
'OddCycle.FiveJob.probability_stationary' depends on axioms: [propext, Classical.choice, Quot.sound]
'OddCycle.FiveJob.probability_not_product' depends on axioms: [propext, Classical.choice, Quot.sound]
'OddCycle.FiveJob.proper_three_coloring' depends on axioms: [propext]
'OddCycle.FiveJob.normalized_certificate_not_product' depends on axioms: [propext, Classical.choice, Quot.sound]
'OddCycle.balanced_cardinality' depends on axioms: [propext, Classical.choice, Quot.sound]
'OddCycle.balanced_changed_event_head' depends on axioms: [propext, Classical.choice, Quot.sound]
'OddCycle.balanced_changed_head_injective' depends on axioms: [propext, Classical.choice, Quot.sound]
'OddCycle.two_flow_completeness' depends on axioms: [propext, Classical.choice, Quot.sound]
'OddCycle.flowWordX_labels' depends on axioms: [propext, Quot.sound]
'OddCycle.flowWordY_labels' depends on axioms: [propext, Quot.sound]
'OddCycle.flowQueue_labels' depends on axioms: [propext, Quot.sound]
'OddCycle.two_flow_balance_difference' depends on axioms: [propext, Classical.choice, Quot.sound]
'OddCycle.carry_eq_unlimited' depends on axioms: [propext, Quot.sound]
'OddCycle.targetOccurrences_complete' depends on axioms: [propext, Classical.choice, Quot.sound]
'OddCycle.unlimited_target_balance' depends on axioms: [propext, Classical.choice, Quot.sound]
'OddCycle.uniform_two_flow_identity' depends on axioms: [propext, Classical.choice, Quot.sound]
'OddCycle.uniform_defect' depends on axioms: [propext, Classical.choice, Quot.sound]
'OddCycle.uniform_defect_pos' depends on axioms: [propext, Classical.choice, Quot.sound]
'OddCycle.uniform_defect_neg' depends on axioms: [propext, Classical.choice, Quot.sound]
'OddCycle.uniform_defect_two' depends on axioms: [propext, Classical.choice, Quot.sound]
'OddCycle.uniform_scaled_not_stationary' depends on axioms: [propext, Classical.choice, Quot.sound]
'OddCycle.normalizedCanonicalWeight_pos' depends on axioms: [propext, Classical.choice, Quot.sound]
'OddCycle.normalizedCanonicalWeight_sum' depends on axioms: [propext, Classical.choice, Quot.sound]
'OddCycle.normalizedCanonicalWeight_not_stationary' depends on axioms: [propext, Classical.choice, Quot.sound]
'OddCycle.FiniteMarkov.returnBy_tendsto_one' depends on axioms: [propext, Classical.choice, Quot.sound]
'OddCycle.FiniteMarkov.stationary_exists_unique' depends on axioms: [propext, Classical.choice, Quot.sound]
'OddCycle.FiniteMarkov.closed_recurrent_state_exists' depends on axioms: [propext, Classical.choice, Quot.sound]
'OddCycle.balanced_recurrent_state' depends on axioms: [propext, Classical.choice, Quot.sound]
'OddCycle.queueMarkov_irreducible' depends on axioms: [propext, Classical.choice, Quot.sound]
'OddCycle.queue_returnBy_tendsto_one' depends on axioms: [propext, Classical.choice, Quot.sound]
'OddCycle.queue_stationary_iff' depends on axioms: [propext, Classical.choice, Quot.sound]
'OddCycle.queue_stationary_exists_unique' depends on axioms: [propext, Classical.choice, Quot.sound]
'OddCycle.queue_stationary_positive' depends on axioms: [propext, Classical.choice, Quot.sound]
'OddCycle.queue_normalized_not_stationary' depends on axioms: [propext, Classical.choice, Quot.sound]
'OddCycle.partiteColor_proper' depends on axioms: [propext, Classical.choice, Quot.sound]
'OddCycle.partiteColor_surjective' depends on axioms: [propext, Quot.sound]
