'OddCycle.ReachabilityQuotient.reach_iff' does not depend on any axioms
'OddCycle.ReachabilityQuotient.terminal_iff' does not depend on any axioms
'OddCycle.CycleState.orientation_reachable_iff' depends on axioms: [propext, Classical.choice, Quot.sound]
'OddCycle.CycleState.terminal_orientation_iff' depends on axioms: [propext, Classical.choice, Quot.sound]
'OddCycle.CircularRun.terminal_iff' depends on axioms: [propext, Classical.choice, Quot.sound]
'OddCycle.CircularRun.exceptional_iff_one_long' depends on axioms: [propext, Quot.sound]
'OddCycle.CircularRun.exceptional_cycle_length' depends on axioms: [propext, Quot.sound]
'OddCycle.ExceptionalCycle.communication' depends on axioms: [propext, Classical.choice, Quot.sound]
'OddCycle.ExceptionalCycle.parameter_count' depends on axioms: [propext, Classical.choice, Quot.sound]
'OddCycle.CircularWord.encode_linearRuns' depends on axioms: [propext]
'OddCycle.CircularWord.circularRuns_sum' depends on axioms: [propext, Quot.sound]
'OddCycle.CircularWord.circularRuns_positive' depends on axioms: [propext, Quot.sound]
'OddCycle.CircularWord.circularRuns_even' depends on axioms: [propext, Classical.choice, Quot.sound]
'OddCycle.orientation_nonconstant' depends on axioms: [propext, Classical.choice, Quot.sound]
'OddCycle.cycleRuns_sum' depends on axioms: [propext, Quot.sound]
'OddCycle.cycleRuns_even' depends on axioms: [propext, Classical.choice, Quot.sound]
'OddCycle.exceptionalRuns_cycle_length' depends on axioms: [propext, Classical.choice, Quot.sound]
'OddCycle.even_cycle_not_exceptional' depends on axioms: [propext, Classical.choice, Quot.sound]
'OddCycle.carry_eq_unlimited_of_paths' depends on axioms: [propext, Quot.sound]
'OddCycle.transition_short_orientation' depends on axioms: [propext, Classical.choice, Quot.sound]
'OddCycle.height_eq_of_orientation_eq' depends on axioms: [propext, Classical.choice, Quot.sound]
'OddCycle.short_reachable_iff' depends on axioms: [propext, Classical.choice, Quot.sound]
'OddCycle.short_terminal' depends on axioms: [propext, Classical.choice, Quot.sound]
'OddCycle.scanFrontier_result' depends on axioms: [propext]
'OddCycle.scanFrontier_edgeEquiv' depends on axioms: [propext, Classical.choice, Quot.sound]
'OddCycle.scanFrontier_chain_untouched_sublist' depends on axioms: [propext]
'OddCycle.scanFrontier_exhausted' depends on axioms: [propext, Quot.sound]
'OddCycle.scanFrontier_long_path' depends on axioms: [propext, Classical.choice, Quot.sound]
'OddCycle.scanFrontier_unique_cycle_neighbor' depends on axioms: [propext, Classical.choice, Quot.sound]
'OddCycle.complete_cycle_changed_path' depends on axioms: [propext, Classical.choice, Quot.sound]
'OddCycle.first_transition_changed_path' depends on axioms: [propext, Classical.choice, Quot.sound]
'OddCycle.transition_changed_path' depends on axioms: [propext, Classical.choice, Quot.sound]
'OddCycle.large_budget_preserves_orientation' depends on axioms: [propext, Classical.choice, Quot.sound]
'OddCycle.FiniteMarkov.terminal_returnBy_tendsto_one' depends on axioms: [propext, Classical.choice, Quot.sound]
'OddCycle.CycleState.terminal_returnBy_tendsto_one' depends on axioms: [propext, Classical.choice, Quot.sound]
'OddCycle.CycleState.short_returnBy_tendsto_one' depends on axioms: [propext, Classical.choice, Quot.sound]
'OddCycle.scanFrontier_follows_cycle' depends on axioms: [propext, Classical.choice, Quot.sound]
'OddCycle.cycle_path_realize_flip' depends on axioms: [propext, Classical.choice, Quot.sound]
'OddCycle.orientationStep_iff_pathFlip' depends on axioms: [propext, Classical.choice, Quot.sound]
'OddCycle.cycle_path_is_arc' depends on axioms: [propext, Classical.choice, Quot.sound]
'OddCycle.CircularWord.linearRuns_encode' depends on axioms: [propext, Quot.sound]
'OddCycle.CircularWord.circularRuns_isRotated' depends on axioms: [propext, Classical.choice, Quot.sound]
'OddCycle.CircularWord.short_iff_no_long_circularBlock' depends on axioms: [propext, Classical.choice, Quot.sound]
'OddCycle.shortRuns_iff_height' depends on axioms: [propext, Classical.choice, Quot.sound]
'OddCycle.shortRuns_reachable_iff' depends on axioms: [propext, Classical.choice, Quot.sound]
'OddCycle.shortRuns_terminal' depends on axioms: [propext, Classical.choice, Quot.sound]
'OddCycle.CircularWord.LinearFlip.run_reachable' depends on axioms: [propext, Classical.choice, Quot.sound]
'OddCycle.CircularWord.augmentedReach_iff_runs' depends on axioms: [propext, Classical.choice, Quot.sound]
'OddCycle.CircularWord.augmented_terminal_iff' depends on axioms: [propext, Classical.choice, Quot.sound]
'OddCycle.ReachabilityQuotient.terminal_augment_iff' depends on axioms: [propext, Classical.choice, Quot.sound]
'OddCycle.BinaryCycle.terminal_iff' depends on axioms: [propext, Classical.choice, Quot.sound]
'OddCycle.orientation_surjective' depends on axioms: [propext, Classical.choice, Quot.sound]
'OddCycle.orientationStep_iff_circularFlip' depends on axioms: [propext, Classical.choice, Quot.sound]
'OddCycle.CycleState.reachable_iff_binary' depends on axioms: [propext, Classical.choice, Quot.sound]
'OddCycle.CycleState.terminal_iff_runs' depends on axioms: [propext, Classical.choice, Quot.sound]
'OddCycle.CycleState.even_terminal_short' depends on axioms: [propext, Classical.choice, Quot.sound]
'OddCycle.CycleState.classified_returnBy_tendsto_one' depends on axioms: [propext, Classical.choice, Quot.sound]
'OddCycle.exceptionalRuns_transition' depends on axioms: [propext, Classical.choice, Quot.sound]
'OddCycle.exists_tall_terminal_iff' depends on axioms: [propext, Classical.choice, Quot.sound]
'OddCycle.exceptionalParameter_communication' depends on axioms: [propext, Classical.choice, Quot.sound]
'OddCycle.exceptionalParameter_covers' depends on axioms: [propext, Classical.choice, Quot.sound]
'OddCycle.exceptionalRuns_communicate' depends on axioms: [propext, Classical.choice, Quot.sound]
'OddCycle.exceptionalParameter_injective' depends on axioms: [propext, Classical.choice, Quot.sound]
'OddCycle.exceptional_orientation_count' depends on axioms: [propext, Classical.choice, Quot.sound]
'OddCycle.FiniteMarkov.returnBy_tendsto_one_iff_terminal' depends on axioms: [propext, Classical.choice, Quot.sound]
'OddCycle.FiniteMarkov.avoid_terminal_tendsto_zero' depends on axioms: [propext, Classical.choice, Quot.sound]
'OddCycle.CycleState.recurrent_iff_runs' depends on axioms: [propext, Classical.choice, Quot.sound]
'OddCycle.CycleState.transient_iff_runs' depends on axioms: [propext, Classical.choice, Quot.sound]
'OddCycle.CycleState.classified_avoid_tendsto_zero' depends on axioms: [propext, Classical.choice, Quot.sound]
'OddCycle.CycleState.short_avoid_tendsto_zero' depends on axioms: [propext, Classical.choice, Quot.sound]
'OddCycle.CycleState.exceptional_recurrent_state' depends on axioms: [propext, Classical.choice, Quot.sound]
'OddCycle.OICapacity.unlimited_partial_balance' depends on axioms: [propext, Classical.choice, Quot.sound]
'OddCycle.unlimitedOccurrences_complete' depends on axioms: [propext, Classical.choice, Quot.sound]
'OddCycle.oiBalance_eq_positionGenerator' depends on axioms: [propext, Quot.sound]
'OddCycle.unlimited_oi_stationary' depends on axioms: [propext, Classical.choice, Quot.sound]
'OddCycle.nonexceptional_recurrent_oi_stationary' depends on axioms: [propext, Classical.choice, Quot.sound]
'OddCycle.even_recurrent_oi_stationary' depends on axioms: [propext, Classical.choice, Quot.sound]
'OddCycle.short_class_normalized_oi' depends on axioms: [propext, Classical.choice, Quot.sound]
'OddCycle.closed_class_classification' depends on axioms: [propext, Classical.choice, Quot.sound]
'OddCycle.balanced_is_exceptional' depends on axioms: [propext, Classical.choice, Quot.sound]
'OddCycle.ClosedClass.safe_normalized_oi' depends on axioms: [propext, Classical.choice, Quot.sound]
'OddCycle.PositivePositionAllocation.kernel_pos_iff' depends on axioms: [propext, Classical.choice, Quot.sound]
'OddCycle.PositivePositionAllocation.recurrent_iff_runs' depends on axioms: [propext, Classical.choice, Quot.sound]
'OddCycle.PositivePositionAllocation.classified_absorption' depends on axioms: [propext, Classical.choice, Quot.sound]
'OddCycle.PositivePositionAllocation.short_absorption' depends on axioms: [propext, Classical.choice, Quot.sound]
'OddCycle.unit_target_orientation' depends on axioms: [propext, Classical.choice, Quot.sound]
'OddCycle.unit_gain_exceptional' depends on axioms: [propext, Classical.choice, Quot.sound]
'OddCycle.unit_gained_predecessors' depends on axioms: [propext, Classical.choice, Quot.sound]
'OddCycle.unit_lost_predecessors' depends on axioms: [propext, Classical.choice, Quot.sound]
'OddCycle.unit_exceptional_residual' depends on axioms: [propext, Classical.choice, Quot.sound]
'OddCycle.unit_exceptional_not_stationary' depends on axioms: [propext, Classical.choice, Quot.sound]
'OddCycle.oiBalance_additive' depends on axioms: [propext, Classical.choice, Quot.sound]
'OddCycle.cycle_canonical_sharpness' depends on axioms: [propext, Classical.choice, Quot.sound]
'OddCycle.NineJobCycle.residual' depends on axioms: [propext, Classical.choice, Quot.sound]
'OddCycle.cycle_normalized_canonical_sharpness' depends on axioms: [propext, Classical.choice, Quot.sound]
'OddCycle.FiniteMarkov.pathMeasureFrom_step' depends on axioms: [propext, Classical.choice, Quot.sound]
'OddCycle.FiniteMarkov.pathMeasureFrom_avoid' depends on axioms: [propext, Classical.choice, Quot.sound]
'OddCycle.FiniteMarkov.pathMeasure_return_iff' depends on axioms: [propext, Classical.choice, Quot.sound]
'OddCycle.FiniteMarkov.pathMeasure_ae_steps' depends on axioms: [propext, Classical.choice, Quot.sound]
'OddCycle.ExponentialClock.law_map' depends on axioms: [propext, Classical.choice, Quot.sound]
'OddCycle.ExponentialClock.law_eval' depends on axioms: [propext, Classical.choice, Quot.sound]
'OddCycle.ExponentialClock.law_independent' depends on axioms: [propext, Classical.choice, Quot.sound]
'OddCycle.ExponentialClock.clock_diverges' depends on axioms: [propext, Classical.choice, Quot.sound]
'OddCycle.FiniteMarkov.eventTime_nonexplosive' depends on axioms: [propext, Classical.choice, Quot.sound]
'OddCycle.FiniteMarkov.timedState_measurable' depends on axioms: [propext, Classical.choice, Quot.sound]
'OddCycle.FiniteMarkov.timedState_between' depends on axioms: [propext, Classical.choice, Quot.sound]
'OddCycle.FiniteMarkov.first_completion_law' depends on axioms: [propext, Classical.choice, Quot.sound]
'OddCycle.FiniteMarkov.continuous_recurrence_iff' depends on axioms: [propext, Classical.choice, Quot.sound]
'OddCycle.FiniteMarkov.continuous_absorption' depends on axioms: [propext, Classical.choice, Quot.sound]
'OddCycle.FiniteMarkov.continuous_eventually_one_class' depends on axioms: [propext, Classical.choice, Quot.sound]
'OddCycle.PositivePositionAllocation.process_nonexplosive' depends on axioms: [propext, Classical.choice, Quot.sound]
'OddCycle.PositivePositionAllocation.completion_rate_identity' depends on axioms: [propext,
 Classical.choice,
 Quot.sound]
'OddCycle.PositivePositionAllocation.completion_law' depends on axioms: [propext, Classical.choice, Quot.sound]
'OddCycle.PositivePositionAllocation.continuous_recurrent_iff_runs' depends on axioms: [propext,
 Classical.choice,
 Quot.sound]
'OddCycle.PositivePositionAllocation.continuous_classified_absorption' depends on axioms: [propext,
 Classical.choice,
 Quot.sound]
'OddCycle.PositivePositionAllocation.continuous_short_absorption' depends on axioms: [propext,
 Classical.choice,
 Quot.sound]
'OddCycle.PositivePositionAllocation.continuous_eventually_classified' depends on axioms: [propext,
 Classical.choice,
 Quot.sound]
'OddCycle.PositivePositionAllocation.continuous_eventually_one_class' depends on axioms: [propext,
 Classical.choice,
 Quot.sound]
'OddCycle.CycleClassifier.ranks_get' depends on axioms: [propext, Classical.choice, Quot.sound]
'OddCycle.CycleClassifier.ranked_orientation' depends on axioms: [propext, Classical.choice, Quot.sound]
'OddCycle.CycleClassifier.runsWork_spec' depends on axioms: [propext, Classical.choice, Quot.sound]
'OddCycle.CycleClassifier.classify_correct' depends on axioms: [propext, Classical.choice, Quot.sound]
'OddCycle.CycleClassifier.classify_cost' depends on axioms: [propext, Classical.choice, Quot.sound]
'OddCycle.CycleClassifier.classify_terminal' depends on axioms: [propext, Classical.choice, Quot.sound]
'OddCycle.CycleClassifier.classify_continuous_recurrence' depends on axioms: [propext, Classical.choice, Quot.sound]
