'OddCycle.FiniteMarkov.push_simplex' depends on axioms: [propext, Classical.choice, Quot.sound]
'OddCycle.FiniteMarkov.lumps_project' depends on axioms: [propext, Classical.choice, Quot.sound]
'OddCycle.FiniteMarkov.LumpsTo.expect' depends on axioms: [propext, Classical.choice, Quot.sound]
'OddCycle.FiniteMarkov.LumpsTo.push_advance' depends on axioms: [propext, Classical.choice, Quot.sound]
'OddCycle.FiniteMarkov.LumpsTo.push_stationary' depends on axioms: [propext, Classical.choice, Quot.sound]
'OddCycle.FiniteMarkov.LumpsTo.irreducible' depends on axioms: [propext, Classical.choice, Quot.sound]
'OddCycle.FiniteMarkov.LumpsTo.stationary_of_observables' depends on axioms: [propext, Classical.choice, Quot.sound]
'OddCycle.FiniteMarkov.restrictEmbedding_lumps' depends on axioms: [propext, Classical.choice, Quot.sound]
'OddCycle.unitPositions_total' depends on axioms: [propext, Classical.choice, Quot.sound]
'OddCycle.PositivePositionAllocation.incoming_expect' depends on axioms: [propext, Classical.choice, Quot.sound]
'OddCycle.unitKernel_length_generator' depends on axioms: [propext, Classical.choice, Quot.sound]
'OddCycle.ClosedClass.unitKernel_embedding' depends on axioms: [propext, Classical.choice, Quot.sound]
'OddCycle.ClosedClass.unitKernel_irreducible' depends on axioms: [propext, Classical.choice, Quot.sound]
'OddCycle.ClosedClass.unitKernel_lumps' depends on axioms: [propext, Classical.choice, Quot.sound]
'OddCycle.ClosedClass.lengthKernel_irreducible' depends on axioms: [propext, Classical.choice, Quot.sound]
'OddCycle.ClosedClass.unitCanonical_simplex' depends on axioms: [propext, Classical.choice, Quot.sound]
'OddCycle.ClosedClass.unitCanonical_projected_stationary' depends on axioms: [propext, Classical.choice, Quot.sound]
'OddCycle.ClosedClass.unitCanonical_same_marginal' depends on axioms: [propext, Classical.choice, Quot.sound]
'OddCycle.ClosedClass.unit_stationary_exists' depends on axioms: [propext, Classical.choice, Quot.sound]
'OddCycle.FiniteMarkov.LumpsTo.observed_prefix' depends on axioms: [propext, Classical.choice, Quot.sound]
'OddCycle.FiniteMarkov.LumpsTo.pathMeasure_map' depends on axioms: [propext, Classical.choice, Quot.sound]
'OddCycle.FiniteMarkov.mixedPathLaw_probability' depends on axioms: [propext, Classical.choice, Quot.sound]
'OddCycle.FiniteMarkov.LumpsTo.mixedPathLaw_map' depends on axioms: [propext, Classical.choice, Quot.sound]
'OddCycle.FiniteMarkov.mixedTimedLaw_probability' depends on axioms: [propext, Classical.choice, Quot.sound]
'OddCycle.FiniteMarkov.timedState_projection' depends on axioms: [propext, Classical.choice, Quot.sound]
'OddCycle.FiniteMarkov.LumpsTo.observed_timed_pathLaw' depends on axioms: [propext, Classical.choice, Quot.sound]
'OddCycle.FiniteMarkov.LumpsTo.timed_indistinguishable' depends on axioms: [propext, Classical.choice, Quot.sound]
'OddCycle.FiniteMarkov.pathMeasureFrom_after' depends on axioms: [propext, Classical.choice, Quot.sound]
'OddCycle.FiniteMarkov.mixedPathLaw_current' depends on axioms: [propext, Classical.choice, Quot.sound]
'OddCycle.FiniteMarkov.constantRate_stationary_current' depends on axioms: [propext, Classical.choice, Quot.sound]
'OddCycle.ClosedClass.configurationLaw_eq' depends on axioms: [propext, Classical.choice, Quot.sound]
'OddCycle.ClosedClass.canonical_queue_length_indistinguishable' depends on axioms: [propext,
 Classical.choice,
 Quot.sound]
'OddCycle.ClosedClass.configurationLaw_stationary_current' depends on axioms: [propext, Classical.choice, Quot.sound]
'OddCycle.ClosedClass.unit_balance' depends on axioms: [propext, Classical.choice, Quot.sound]
'OddCycle.ClosedClass.unitCanonical_residual_by_length' depends on axioms: [propext, Classical.choice, Quot.sound]
'OddCycle.unit_exceptional_normalized_residual' depends on axioms: [propext, Classical.choice, Quot.sound]
'OddCycle.unit_exceptional_normalized_residual_neg' depends on axioms: [propext, Classical.choice, Quot.sound]
'OddCycle.unit_exceptional_canonical_not_fixed' depends on axioms: [propext, Classical.choice, Quot.sound]
'OddCycle.unit_exceptional_queue_length_indistinguishability' depends on axioms: [propext, Classical.choice, Quot.sound]
'OddCycle.NineJobCycle.queue_length_indistinguishability' depends on axioms: [propext, Classical.choice, Quot.sound]
