{
  "integer_balance_verified_at_states": 180,
  "total_weight": 29781619500363599243784,
  "rectangle_states": [
    [
      [
        0,
        1
      ],
      [
        3,
        2,
        4
      ]
    ],
    [
      [
        0,
        1
      ],
      [
        3,
        4,
        2
      ]
    ],
    [
      [
        1,
        0
      ],
      [
        3,
        2,
        4
      ]
    ],
    [
      [
        1,
        0
      ],
      [
        3,
        4,
        2
      ]
    ]
  ],
  "rectangle_weights": [
    177097849418281817550,
    177080689708261370580,
    506774969345262400380,
    507080673408934957320
  ],
  "determinant": 62835643754424931048778294661764145600,
  "modulus": 101,
  "rectangle_weights_mod_101": [
    21,
    78,
    68,
    29
  ],
  "determinant_mod_101": 52,
  "queue_wise_factorization_impossible": true
}
