replaying OddCycle.ClassLengthKernel
replaying OddCycle.Model
replaying OddCycle.CycleSymmetry
replaying OddCycle.OICapacity
replaying OddCycle.OINormalization
replaying OddCycle.CycleSharpness
replaying OddCycle.BalancedBottleneck
replaying OddCycle.TimedStateMeasurable
replaying OddCycle.PoissonEvolution
replaying OddCycle.OIGenerator
replaying OddCycle.FiveJob
replaying OddCycle.BinaryCycleGraph
replaying OddCycle.BinaryMoment
replaying OddCycle.BalancedSymmetry
replaying OddCycle.MixedPathLaws
replaying OddCycle.ExceptionalSupport
replaying OddCycle.CyclePathMoves
replaying OddCycle.CircularBitDynamics
replaying OddCycle.LinearCycleClassifier
replaying OddCycle.UnitPlacement
replaying OddCycle.CycleDirectedPaths
replaying OddCycle.ExceptionalCycleCommunication
replaying OddCycle.TargetPredecessors
replaying OddCycle.ClassifierRank
replaying OddCycle.CycleContinuousTime
replaying OddCycle.FlowWordLabels
replaying OddCycle.QueueBlocks
replaying OddCycle.UnitPlacementOrientation
replaying OddCycle.ShortOIStationary
replaying OddCycle.QueueStationary
replaying OddCycle.KernelRestriction
replaying OddCycle.GeneralCardinality
replaying OddCycle.FiniteRecurrence
replaying OddCycle.GainedPredecessor
replaying OddCycle.Operational
replaying OddCycle.FiniteAbsorption
replaying OddCycle.FiniteMarkov
replaying OddCycle.TargetOccurrences
replaying OddCycle.CycleClassification
replaying OddCycle.UniformObstruction
replaying OddCycle.UnitGainGeometry
replaying OddCycle.AdditiveOI
replaying OddCycle.PrefixWeights
replaying OddCycle.PlacementOrder
replaying OddCycle.UnitLengthKernel
replaying OddCycle.UniformDefect
replaying OddCycle.FrontierInversion
replaying OddCycle.TerminalRecurrence
replaying OddCycle.ShortOrientation
replaying OddCycle.BalancedMoves
replaying OddCycle.HiddenCanonicalDefect
replaying OddCycle.GeneralHeight
replaying OddCycle.CircularRunEncoding
replaying OddCycle.UnlimitedTargetBalance
replaying OddCycle.RecurrenceClassification
replaying OddCycle.DefectSign
replaying OddCycle.OrientationClasses
replaying OddCycle.UnitExceptionalFailure
replaying OddCycle.Balance
replaying OddCycle.StationaryExistence
replaying OddCycle.InterleavedCarry
replaying OddCycle.Reachability
replaying OddCycle.ClassifierRuns
replaying OddCycle.FlowWords
replaying OddCycle.ReverseCount
replaying OddCycle.BalancedGeometry
replaying OddCycle.Conclusions
replaying OddCycle.IncomingDifference
replaying OddCycle.TimedJumpLaw
replaying OddCycle.OrientationQuotient
replaying OddCycle.QueueLengthPathLaw
replaying OddCycle.MarkovPathHitting
replaying OddCycle.WordCommunication
replaying OddCycle.CompletionKernel
replaying OddCycle.TwoFlowBalance
replaying OddCycle.FiniteGraphSymmetry
replaying OddCycle.ReconstructedGain
replaying OddCycle.Certificate
replaying OddCycle.ChangedReconstruction
replaying OddCycle.ClosedClasses
replaying OddCycle.CompletionFrontier
replaying OddCycle.FiniteEvolution
replaying OddCycle.CycleGeometry
replaying OddCycle.CycleRunStates
replaying OddCycle.EventWeights
replaying OddCycle.OIStationary
replaying OddCycle.ContinuousTimePaths
replaying OddCycle.NineJobCycle
replaying OddCycle.CutMarginal
replaying OddCycle.OrientationRealization
replaying OddCycle.OIReverseBalance
replaying OddCycle.FactorialProducts
replaying OddCycle.BalancedWords
replaying OddCycle.UnitPatternBalance
replaying OddCycle.UnlimitedOrientationPredecessors
replaying OddCycle.FiniteReturn
replaying OddCycle.TargetWeights
replaying OddCycle.CircularRunDynamics
replaying OddCycle.FiniteLumping
replaying OddCycle.UnitOrientationBits
replaying OddCycle.UnitLostPredecessors
replaying OddCycle.FiniteStationary
replaying OddCycle.OperationalCycleClassification
replaying OddCycle.ExceptionalCycleArithmetic
replaying OddCycle.UniformWeights
replaying OddCycle.ClockedPath
replaying OddCycle.ChangedEvents
replaying OddCycle.LengthStationary
replaying OddCycle.UnitGainedPredecessors
replaying OddCycle.PathLumping
replaying OddCycle.UnitInitialBlock
replaying OddCycle.TwoFlowCompleteness
replaying OddCycle.GeneralClosure
replaying OddCycle.ConstantRateStationary
replaying OddCycle.BudgetStability
replaying OddCycle.ArcCarry
replaying OddCycle.QueueLengthIndistinguishability
replaying OddCycle.EdgeBitFlips
replaying OddCycle.QueueMarkov
replaying OddCycle.StructuralTheory
replaying OddCycle.CircularBlockMoves
replaying OddCycle.CircularWords
replaying OddCycle.ExponentialClocks
replaying OddCycle.CycleFrontier
replaying OddCycle.AdditiveGenerator
replaying OddCycle.BranchChains
replaying OddCycle.MarkovPathSupport
replaying OddCycle.ReplacementCount
replaying OddCycle.CanonicalLengthProjection
replaying OddCycle.FiniteBottleneck
replaying OddCycle.ClosedRecurrence
replaying OddCycle.MarkovPathReturn
replaying OddCycle.ContinuousAbsorption
replaying OddCycle.BalancedRecurrence
replaying OddCycle.OIPositivity
replaying OddCycle.CycleLocalMoves
replaying OddCycle.QueueLengthDynamics
replaying OddCycle.UnitInterior
replaying OddCycle.EdgeOrder
replaying OddCycle.CycleCoordinates
replaying OddCycle.MarkovPathMeasure
replaying OddCycle.CycleCongruence
replaying OddCycle.UnlimitedPredecessors
replaying OddCycle.PartiteColoring
replaying OddCycle.UnitClassBalance
replaying OddCycle.IncomingOccurrences
replaying OddCycle.CycleRecurrenceClassification
replaying OddCycle.CycleArcBlocks
replaying OddCycle.GeneralCommunication
replaying OddCycle.UnlimitedCarry
replaying OddCycle.CompletionMarginals
replaying OddCycle.Interleavings
replaying OddCycle.ExceptionalCycleClass
replaying OddCycle.CyclePathRealization
replaying OddCycle.ClassClassification
replaying OddCycle.ExceptionalCycleCount
replaying OddCycle.UnitTargetCounts
replaying OddCycle
