{
  "status": "PASS",
  "full_states": 720,
  "limited_position_events": 3600,
  "two_implementations_compared_limited_and_unlimited": 7200,
  "unlimited_orientation_checks": 3600,
  "balanced_states": 180,
  "balanced_position_events": 900,
  "balanced_heights": [
    3
  ],
  "head_strong_connectivity": "PASS",
  "unit_head_uniform_stationarity": "PASS",
  "predecessor_states": 4,
  "predecessor_events": 7,
  "rate_two_incoming_weighted_flow": "11/90",
  "rate_two_outgoing_weighted_flow": "1/8",
  "rate_two_residual": "-1/360",
  "all_parameter_polynomial_identity": "PASS",
  "supplemental_rational_parameters": [
    "1/3",
    "1/2",
    "1",
    "2",
    "3",
    "7/2"
  ],
  "unlimited_product_form_control": "PASS",
  "symmetric_rate_product_form_control": "PASS",
  "short_orientation_control_states": 48,
  "short_orientation_product_form_control": "PASS",
  "stationary_certificate": {
    "states": 180,
    "positive_integer_balance": "PASS",
    "total_weight": 29781619500363599243784,
    "rectangle_mod_101": [
      [
        21,
        78
      ],
      [
        68,
        29
      ]
    ],
    "determinant_mod_101": 52
  }
}
